Tests/threshold.svg:2: The attribute 'fill' does not allow the value 'red', replaced with 'black'
Tests/threshold.svg:3: The attribute 'fill' does not allow the value 'rgb(0,0,0)', replaced with 'black'
Tests/threshold.svg:4: The attribute 'fill' does not allow the value 'rgb(126,126,126)', replaced with 'black'
Tests/threshold.svg:5: The attribute 'fill' does not allow the value 'rgb(128,128,128)', replaced with 'black'
Tests/threshold.svg:6: The attribute 'fill' does not allow the value 'rgb(128,128,182)', replaced with 'black'
Tests/threshold.svg:7: The attribute 'fill' does not allow the value 'rgb(255,255,255)', replaced with 'white'
Tests/threshold.svg:8: The attribute 'fill' does not allow the value 'rgb(400,255,255)', replaced with 'white'
Tests/threshold.svg:9: The attribute 'fill' does not allow the value '#fff', replaced with 'white'
Tests/threshold.svg:10: The attribute 'fill' does not allow the value '#aaa', replaced with 'black'
Tests/threshold.svg:11: The attribute 'fill' does not allow the value '#000', replaced with 'black'
Tests/threshold.svg:14: The attribute 'fill' does not allow the value '#0a0a0a', replaced with 'black'
Tests/threshold.svg:15: The attribute 'fill' does not allow the value 'rgb(0%,0%,0%)', replaced with 'black'
Tests/threshold.svg:16: The attribute 'fill' does not allow the value 'rgb(49%,50%,50%)', replaced with 'black'
Tests/threshold.svg:17: The attribute 'fill' does not allow the value 'rgb(51%,50%,50%)', replaced with 'black'
Tests/threshold.svg:18: The attribute 'fill' does not allow the value 'rgb(75%,75%,75%)', replaced with 'black'
Tests/threshold.svg:19: The attribute 'fill' does not allow the value 'rgb(100%,255,255)', replaced with 'white'
Tests/threshold.svg:21: The attribute 'fill' does not allow the value 'grey', replaced with 'black'
Tests/threshold.svg:22: The attribute 'fill' does not allow the value 'gray', replaced with 'black'
Tests/threshold.svg:25: The attribute 'fill' does not allow the value 'unknown', replaced with 'black'
ERROR: File does not conform to SVG requirements
